// Jest Snapshot v1, https://goo.gl/fbAQLP

exports[`Box should take a snapshot 1`] = `
<DocumentFragment>
  <div
    class="sc-bdfBwQ djiRpn"
  />
</DocumentFragment>
`;
