// Jest Snapshot v1, https://goo.gl/fbAQLP

exports[`Button should take a snapshot 1`] = `
<DocumentFragment>
  <button
    class="sc-bdfBwQ gQZXKL"
  >
    test text
  </button>
</DocumentFragment>
`;
