// Jest Snapshot v1, https://goo.gl/fbAQLP

exports[`Form should take a snapshot 1`] = `
<DocumentFragment>
  <form
    class="sc-bdfBwQ jYVIre"
  />
</DocumentFragment>
`;
